mode: set
git.sr.ht/~jamesponddotco/xstd-go/xcrypto/xrand/bytes.go:19.29,21.2 1 1
git.sr.ht/~jamesponddotco/xstd-go/xcrypto/xrand/bytes.go:24.57,25.14 1 1
git.sr.ht/~jamesponddotco/xstd-go/xcrypto/xrand/bytes.go:25.14,27.3 1 1
git.sr.ht/~jamesponddotco/xstd-go/xcrypto/xrand/bytes.go:29.2,33.16 4 1
git.sr.ht/~jamesponddotco/xstd-go/xcrypto/xrand/bytes.go:33.16,36.4 1 1
git.sr.ht/~jamesponddotco/xstd-go/xcrypto/xrand/bytes.go:39.2,39.23 1 1
git.sr.ht/~jamesponddotco/xstd-go/xcrypto/xargon2/xargon2.go:60.33,67.2 1 1
git.sr.ht/~jamesponddotco/xstd-go/xcrypto/xargon2/xargon2.go:71.73,73.21 2 1
git.sr.ht/~jamesponddotco/xstd-go/xcrypto/xargon2/xargon2.go:73.21,75.3 1 1
git.sr.ht/~jamesponddotco/xstd-go/xcrypto/xargon2/xargon2.go:77.2,83.16 3 1
git.sr.ht/~jamesponddotco/xstd-go/xcrypto/xargon2/xargon2.go:83.16,85.3 1 1
git.sr.ht/~jamesponddotco/xstd-go/xcrypto/xargon2/xargon2.go:87.2,93.16 3 1
git.sr.ht/~jamesponddotco/xstd-go/xcrypto/xargon2/xargon2.go:93.16,95.3 1 1
git.sr.ht/~jamesponddotco/xstd-go/xcrypto/xargon2/xargon2.go:97.2,98.16 2 1
git.sr.ht/~jamesponddotco/xstd-go/xcrypto/xargon2/xargon2.go:98.16,100.3 1 1
git.sr.ht/~jamesponddotco/xstd-go/xcrypto/xargon2/xargon2.go:102.2,102.37 1 1
git.sr.ht/~jamesponddotco/xstd-go/xcrypto/xargon2/xargon2.go:102.37,104.3 1 0
git.sr.ht/~jamesponddotco/xstd-go/xcrypto/xargon2/xargon2.go:106.2,111.19 2 1
git.sr.ht/~jamesponddotco/xstd-go/xcrypto/xargon2/xargon2.go:111.19,113.3 1 1
git.sr.ht/~jamesponddotco/xstd-go/xcrypto/xargon2/xargon2.go:115.2,117.57 2 1
git.sr.ht/~jamesponddotco/xstd-go/xcrypto/xargon2/xargon2.go:117.57,119.3 1 1
git.sr.ht/~jamesponddotco/xstd-go/xcrypto/xargon2/xargon2.go:121.2,121.12 1 1
git.sr.ht/~jamesponddotco/xstd-go/xcrypto/xargon2/xargon2.go:129.95,130.17 1 1
git.sr.ht/~jamesponddotco/xstd-go/xcrypto/xargon2/xargon2.go:130.17,132.3 1 1
git.sr.ht/~jamesponddotco/xstd-go/xcrypto/xargon2/xargon2.go:134.2,139.19 2 1
git.sr.ht/~jamesponddotco/xstd-go/xcrypto/xargon2/xargon2.go:139.19,141.3 1 1
git.sr.ht/~jamesponddotco/xstd-go/xcrypto/xargon2/xargon2.go:143.2,156.3 2 1
git.sr.ht/~jamesponddotco/xstd-go/xcrypto/xtls/config.go:11.34,22.2 1 1
git.sr.ht/~jamesponddotco/xstd-go/xcrypto/xtls/config.go:28.40,30.2 1 1
git.sr.ht/~jamesponddotco/xstd-go/xcrypto/xtls/config.go:36.39,47.2 1 1
git.sr.ht/~jamesponddotco/xstd-go/xcrypto/xtls/config.go:53.45,65.2 1 1
git.sr.ht/~jamesponddotco/xstd-go/xcrypto/xtls/config.go:71.37,80.2 1 1
git.sr.ht/~jamesponddotco/xstd-go/xerrors/error.go:9.31,11.2 1 1
git.sr.ht/~jamesponddotco/xstd-go/xflag/string_slice.go:9.39,11.2 1 1
git.sr.ht/~jamesponddotco/xstd-go/xflag/string_slice.go:14.47,18.2 2 1
git.sr.ht/~jamesponddotco/xstd-go/xio/xio.go:26.61,27.14 1 1
git.sr.ht/~jamesponddotco/xstd-go/xio/xio.go:27.14,29.3 1 1
git.sr.ht/~jamesponddotco/xstd-go/xio/xio.go:31.2,31.37 1 1
git.sr.ht/~jamesponddotco/xstd-go/xio/xio.go:31.37,33.3 1 1
git.sr.ht/~jamesponddotco/xstd-go/xio/xio.go:35.2,38.16 3 1
git.sr.ht/~jamesponddotco/xstd-go/xio/xio.go:38.16,40.3 1 1
git.sr.ht/~jamesponddotco/xstd-go/xio/xio.go:42.2,42.42 1 1
git.sr.ht/~jamesponddotco/xstd-go/xhash/xfnv/xfnv.go:22.32,23.15 1 1
git.sr.ht/~jamesponddotco/xstd-go/xhash/xfnv/xfnv.go:23.15,25.3 1 1
git.sr.ht/~jamesponddotco/xstd-go/xhash/xfnv/xfnv.go:27.2,32.24 2 1
git.sr.ht/~jamesponddotco/xstd-go/xhash/xfnv/xfnv.go:32.24,35.3 2 1
git.sr.ht/~jamesponddotco/xstd-go/xhash/xfnv/xfnv.go:37.2,37.37 1 1
git.sr.ht/~jamesponddotco/xstd-go/xlog/xslog/xslog.go:12.107,13.19 1 1
git.sr.ht/~jamesponddotco/xstd-go/xlog/xslog/xslog.go:13.19,15.3 1 1
git.sr.ht/~jamesponddotco/xstd-go/xnet/dialer.go:22.30,27.2 1 1
git.sr.ht/~jamesponddotco/xstd-go/xnet/xhttp/xhttputil/xhttputil.go:18.54,25.29 2 1
git.sr.ht/~jamesponddotco/xstd-go/xnet/xhttp/xhttputil/xhttputil.go:25.29,28.52 2 1
git.sr.ht/~jamesponddotco/xstd-go/xnet/xhttp/xhttputil/xhttputil.go:28.52,31.19 2 1
git.sr.ht/~jamesponddotco/xstd-go/xnet/xhttp/xhttputil/xhttputil.go:31.19,33.5 1 1
git.sr.ht/~jamesponddotco/xstd-go/xnet/xhttp/xhttputil/xhttputil.go:37.2,37.51 1 1
git.sr.ht/~jamesponddotco/xstd-go/xnet/xhttp/xmiddleware/accept_requests.go:13.92,14.71 1 1
git.sr.ht/~jamesponddotco/xstd-go/xnet/xhttp/xmiddleware/accept_requests.go:14.71,15.34 1 1
git.sr.ht/~jamesponddotco/xstd-go/xnet/xhttp/xmiddleware/accept_requests.go:15.34,16.26 1 1
git.sr.ht/~jamesponddotco/xstd-go/xnet/xhttp/xmiddleware/accept_requests.go:16.26,20.5 2 1
git.sr.ht/~jamesponddotco/xstd-go/xnet/xhttp/xmiddleware/accept_requests.go:23.3,30.41 3 1
git.sr.ht/~jamesponddotco/xstd-go/xnet/xhttp/xmiddleware/access_log.go:19.63,22.2 2 1
git.sr.ht/~jamesponddotco/xstd-go/xnet/xhttp/xmiddleware/access_log.go:26.69,27.71 1 1
git.sr.ht/~jamesponddotco/xstd-go/xnet/xhttp/xmiddleware/access_log.go:27.71,50.3 3 1
git.sr.ht/~jamesponddotco/xstd-go/xnet/xhttp/xmiddleware/cors.go:45.38,63.2 1 1
git.sr.ht/~jamesponddotco/xstd-go/xnet/xhttp/xmiddleware/cors.go:67.84,68.19 1 1
git.sr.ht/~jamesponddotco/xstd-go/xnet/xhttp/xmiddleware/cors.go:68.19,70.3 1 1
git.sr.ht/~jamesponddotco/xstd-go/xnet/xhttp/xmiddleware/cors.go:72.2,72.71 1 1
git.sr.ht/~jamesponddotco/xstd-go/xnet/xhttp/xmiddleware/cors.go:72.71,79.43 2 1
git.sr.ht/~jamesponddotco/xstd-go/xnet/xhttp/xmiddleware/cors.go:79.43,80.16 1 1
git.sr.ht/~jamesponddotco/xstd-go/xnet/xhttp/xmiddleware/cors.go:80.16,83.10 2 1
git.sr.ht/~jamesponddotco/xstd-go/xnet/xhttp/xmiddleware/cors.go:87.3,87.27 1 1
git.sr.ht/~jamesponddotco/xstd-go/xnet/xhttp/xmiddleware/cors.go:87.27,88.44 1 1
git.sr.ht/~jamesponddotco/xstd-go/xnet/xhttp/xmiddleware/cors.go:88.44,89.20 1 1
git.sr.ht/~jamesponddotco/xstd-go/xnet/xhttp/xmiddleware/cors.go:89.20,92.11 2 1
git.sr.ht/~jamesponddotco/xstd-go/xnet/xhttp/xmiddleware/cors.go:97.3,97.27 1 1
git.sr.ht/~jamesponddotco/xstd-go/xnet/xhttp/xmiddleware/cors.go:97.27,113.4 4 1
git.sr.ht/~jamesponddotco/xstd-go/xnet/xhttp/xmiddleware/cors.go:115.3,121.30 5 1
git.sr.ht/~jamesponddotco/xstd-go/xnet/xhttp/xmiddleware/cors.go:121.30,122.40 1 1
git.sr.ht/~jamesponddotco/xstd-go/xnet/xhttp/xmiddleware/cors.go:122.40,124.5 1 1
git.sr.ht/~jamesponddotco/xstd-go/xnet/xhttp/xmiddleware/cors.go:124.10,131.5 1 1
git.sr.ht/~jamesponddotco/xstd-go/xnet/xhttp/xmiddleware/cors.go:134.3,134.24 1 1
git.sr.ht/~jamesponddotco/xstd-go/xnet/xhttp/xmiddleware/cors.go:134.24,136.4 1 1
git.sr.ht/~jamesponddotco/xstd-go/xnet/xhttp/xmiddleware/cors.go:138.3,138.37 1 1
git.sr.ht/~jamesponddotco/xstd-go/xnet/xhttp/xmiddleware/cors.go:138.37,142.4 2 1
git.sr.ht/~jamesponddotco/xstd-go/xnet/xhttp/xmiddleware/cors.go:144.3,144.23 1 1
git.sr.ht/~jamesponddotco/xstd-go/xnet/xhttp/xmiddleware/header.go:11.69,12.71 1 1
git.sr.ht/~jamesponddotco/xstd-go/xnet/xhttp/xmiddleware/header.go:12.71,13.26 1 1
git.sr.ht/~jamesponddotco/xstd-go/xnet/xhttp/xmiddleware/header.go:13.26,22.4 3 1
git.sr.ht/~jamesponddotco/xstd-go/xnet/xhttp/xmiddleware/header.go:24.3,24.23 1 1
git.sr.ht/~jamesponddotco/xstd-go/xnet/xhttp/xmiddleware/header.go:29.64,30.71 1 1
git.sr.ht/~jamesponddotco/xstd-go/xnet/xhttp/xmiddleware/header.go:30.71,34.3 2 1
git.sr.ht/~jamesponddotco/xstd-go/xnet/xhttp/xmiddleware/header.go:38.65,39.71 1 1
git.sr.ht/~jamesponddotco/xstd-go/xnet/xhttp/xmiddleware/header.go:39.71,43.3 2 1
git.sr.ht/~jamesponddotco/xstd-go/xnet/xhttp/xmiddleware/panic.go:12.73,13.71 1 1
git.sr.ht/~jamesponddotco/xstd-go/xnet/xhttp/xmiddleware/panic.go:13.71,14.16 1 1
git.sr.ht/~jamesponddotco/xstd-go/xnet/xhttp/xmiddleware/panic.go:14.16,15.36 1 1
git.sr.ht/~jamesponddotco/xstd-go/xnet/xhttp/xmiddleware/panic.go:15.36,29.5 3 1
git.sr.ht/~jamesponddotco/xstd-go/xnet/xhttp/xmiddleware/panic.go:32.3,32.23 1 1
git.sr.ht/~jamesponddotco/xstd-go/xnet/xhttp/xmiddleware/xmiddleware.go:7.95,8.41 1 1
git.sr.ht/~jamesponddotco/xstd-go/xnet/xhttp/xmiddleware/xmiddleware.go:8.41,10.3 1 1
git.sr.ht/~jamesponddotco/xstd-go/xnet/xhttp/xmiddleware/xmiddleware.go:12.2,12.16 1 1
git.sr.ht/~jamesponddotco/xstd-go/xnet/xurl/xurl.go:13.47,15.16 2 1
git.sr.ht/~jamesponddotco/xstd-go/xnet/xurl/xurl.go:15.16,17.3 1 1
git.sr.ht/~jamesponddotco/xstd-go/xnet/xurl/xurl.go:19.2,23.62 3 1
git.sr.ht/~jamesponddotco/xstd-go/xnet/xurl/xurl.go:23.62,25.3 1 1
git.sr.ht/~jamesponddotco/xstd-go/xnet/xurl/xurl.go:27.2,27.30 1 1
git.sr.ht/~jamesponddotco/xstd-go/xnet/xurl/xurl.go:27.30,29.3 1 1
git.sr.ht/~jamesponddotco/xstd-go/xnet/xurl/xurl.go:31.2,32.25 2 1
git.sr.ht/~jamesponddotco/xstd-go/xnet/xurl/xurl.go:32.25,34.3 1 1
git.sr.ht/~jamesponddotco/xstd-go/xnet/xurl/xurl.go:36.2,38.32 2 1
git.sr.ht/~jamesponddotco/xstd-go/xos/env.go:14.42,16.27 2 1
git.sr.ht/~jamesponddotco/xstd-go/xos/env.go:16.27,18.3 1 1
git.sr.ht/~jamesponddotco/xstd-go/xos/env.go:20.2,20.14 1 1
git.sr.ht/~jamesponddotco/xstd-go/xos/env.go:28.46,30.27 2 1
git.sr.ht/~jamesponddotco/xstd-go/xos/env.go:30.27,32.3 1 1
git.sr.ht/~jamesponddotco/xstd-go/xos/env.go:34.2,35.16 2 1
git.sr.ht/~jamesponddotco/xstd-go/xos/env.go:35.16,37.3 1 1
git.sr.ht/~jamesponddotco/xstd-go/xos/env.go:39.2,39.17 1 1
git.sr.ht/~jamesponddotco/xstd-go/xos/env.go:47.49,49.27 2 1
git.sr.ht/~jamesponddotco/xstd-go/xos/env.go:49.27,51.3 1 1
git.sr.ht/~jamesponddotco/xstd-go/xos/env.go:53.2,54.16 2 1
git.sr.ht/~jamesponddotco/xstd-go/xos/env.go:54.16,56.3 1 1
git.sr.ht/~jamesponddotco/xstd-go/xos/env.go:58.2,58.18 1 1
git.sr.ht/~jamesponddotco/xstd-go/xos/env.go:66.71,68.27 2 1
git.sr.ht/~jamesponddotco/xstd-go/xos/env.go:68.27,70.3 1 1
git.sr.ht/~jamesponddotco/xstd-go/xos/env.go:72.2,73.16 2 1
git.sr.ht/~jamesponddotco/xstd-go/xos/env.go:73.16,75.3 1 1
git.sr.ht/~jamesponddotco/xstd-go/xos/env.go:77.2,77.22 1 1
git.sr.ht/~jamesponddotco/xstd-go/xstrings/strings.go:21.37,22.15 1 1
git.sr.ht/~jamesponddotco/xstd-go/xstrings/strings.go:22.15,24.3 1 1
git.sr.ht/~jamesponddotco/xstd-go/xstrings/strings.go:26.2,30.24 3 1
git.sr.ht/~jamesponddotco/xstd-go/xstrings/strings.go:30.24,32.3 1 1
git.sr.ht/~jamesponddotco/xstd-go/xstrings/strings.go:34.2,36.24 2 1
git.sr.ht/~jamesponddotco/xstd-go/xstrings/strings.go:36.24,37.17 1 1
git.sr.ht/~jamesponddotco/xstd-go/xstrings/strings.go:37.17,39.4 1 1
git.sr.ht/~jamesponddotco/xstd-go/xstrings/strings.go:42.2,42.25 1 1
git.sr.ht/~jamesponddotco/xstd-go/xstrings/strings.go:47.33,50.17 2 1
git.sr.ht/~jamesponddotco/xstd-go/xstrings/strings.go:50.17,52.3 1 1
git.sr.ht/~jamesponddotco/xstd-go/xstrings/strings.go:54.2,55.24 2 1
git.sr.ht/~jamesponddotco/xstd-go/xstrings/strings.go:55.24,57.3 1 1
git.sr.ht/~jamesponddotco/xstd-go/xstrings/strings.go:59.2,60.24 2 1
git.sr.ht/~jamesponddotco/xstd-go/xstrings/strings.go:60.24,62.3 1 1
git.sr.ht/~jamesponddotco/xstd-go/xstrings/strings.go:64.2,64.36 1 1
git.sr.ht/~jamesponddotco/xstd-go/xstrings/strings.go:68.64,71.17 2 1
git.sr.ht/~jamesponddotco/xstd-go/xstrings/strings.go:71.17,73.3 1 1
git.sr.ht/~jamesponddotco/xstd-go/xstrings/strings.go:75.2,76.24 2 1
git.sr.ht/~jamesponddotco/xstd-go/xstrings/strings.go:76.24,78.3 1 1
git.sr.ht/~jamesponddotco/xstd-go/xstrings/strings.go:80.2,83.24 3 1
git.sr.ht/~jamesponddotco/xstd-go/xstrings/strings.go:83.24,86.19 2 1
git.sr.ht/~jamesponddotco/xstd-go/xstrings/strings.go:86.19,88.4 1 1
git.sr.ht/~jamesponddotco/xstd-go/xstrings/strings.go:91.2,91.36 1 1
git.sr.ht/~jamesponddotco/xstd-go/xtime/duration.go:14.50,16.46 2 1
git.sr.ht/~jamesponddotco/xstd-go/xtime/duration.go:16.46,18.3 1 1
git.sr.ht/~jamesponddotco/xstd-go/xtime/duration.go:20.2,21.16 2 1
git.sr.ht/~jamesponddotco/xstd-go/xtime/duration.go:21.16,23.3 1 1
git.sr.ht/~jamesponddotco/xstd-go/xtime/duration.go:25.2,27.12 2 1
git.sr.ht/~jamesponddotco/xstd-go/xunsafe/conversion.go:11.41,13.2 1 1
git.sr.ht/~jamesponddotco/xstd-go/xunsafe/conversion.go:18.39,19.15 1 1
git.sr.ht/~jamesponddotco/xstd-go/xunsafe/conversion.go:19.15,21.3 1 1
git.sr.ht/~jamesponddotco/xstd-go/xunsafe/conversion.go:23.2,23.55 1 1
git.sr.ht/~jamesponddotco/xstd-go/xnet/xhttp/client.go:19.52,20.18 1 1
git.sr.ht/~jamesponddotco/xstd-go/xnet/xhttp/client.go:20.18,22.3 1 1
git.sr.ht/~jamesponddotco/xstd-go/xnet/xhttp/client.go:24.2,26.65 1 1
git.sr.ht/~jamesponddotco/xstd-go/xnet/xhttp/client.go:26.65,28.4 1 1
git.sr.ht/~jamesponddotco/xstd-go/xnet/xhttp/client.go:43.102,52.2 3 1
git.sr.ht/~jamesponddotco/xstd-go/xnet/xhttp/errors.go:25.39,27.2 1 1
git.sr.ht/~jamesponddotco/xstd-go/xnet/xhttp/errors.go:31.95,37.39 4 1
git.sr.ht/~jamesponddotco/xstd-go/xnet/xhttp/errors.go:37.39,48.3 3 0
git.sr.ht/~jamesponddotco/xstd-go/xnet/xhttp/errors.go:50.2,56.3 1 1
git.sr.ht/~jamesponddotco/xstd-go/xnet/xhttp/fetch.go:74.79,75.22 1 1
git.sr.ht/~jamesponddotco/xstd-go/xnet/xhttp/fetch.go:75.22,77.3 1 1
git.sr.ht/~jamesponddotco/xstd-go/xnet/xhttp/fetch.go:79.2,79.41 1 1
git.sr.ht/~jamesponddotco/xstd-go/xnet/xhttp/fetch.go:79.41,81.3 1 1
git.sr.ht/~jamesponddotco/xstd-go/xnet/xhttp/fetch.go:83.2,83.35 1 1
git.sr.ht/~jamesponddotco/xstd-go/xnet/xhttp/fetch.go:83.35,85.3 1 1
git.sr.ht/~jamesponddotco/xstd-go/xnet/xhttp/fetch.go:87.2,88.16 2 1
git.sr.ht/~jamesponddotco/xstd-go/xnet/xhttp/fetch.go:88.16,90.3 1 0
git.sr.ht/~jamesponddotco/xstd-go/xnet/xhttp/fetch.go:92.2,92.37 1 1
git.sr.ht/~jamesponddotco/xstd-go/xnet/xhttp/fetch.go:92.37,93.32 1 1
git.sr.ht/~jamesponddotco/xstd-go/xnet/xhttp/fetch.go:93.32,95.4 1 1
git.sr.ht/~jamesponddotco/xstd-go/xnet/xhttp/fetch.go:98.2,107.16 3 1
git.sr.ht/~jamesponddotco/xstd-go/xnet/xhttp/fetch.go:107.16,108.10 1 1
git.sr.ht/~jamesponddotco/xstd-go/xnet/xhttp/fetch.go:109.31,110.53 1 1
git.sr.ht/~jamesponddotco/xstd-go/xnet/xhttp/fetch.go:111.11,112.37 1 0
git.sr.ht/~jamesponddotco/xstd-go/xnet/xhttp/fetch.go:116.2,116.15 1 1
git.sr.ht/~jamesponddotco/xstd-go/xnet/xhttp/fetch.go:116.15,117.48 1 1
git.sr.ht/~jamesponddotco/xstd-go/xnet/xhttp/fetch.go:117.48,125.4 1 0
git.sr.ht/~jamesponddotco/xstd-go/xnet/xhttp/fetch.go:128.2,128.38 1 1
git.sr.ht/~jamesponddotco/xstd-go/xnet/xhttp/fetch.go:128.38,139.3 2 1
git.sr.ht/~jamesponddotco/xstd-go/xnet/xhttp/fetch.go:141.2,141.72 1 1
git.sr.ht/~jamesponddotco/xstd-go/xnet/xhttp/fetch.go:141.72,153.3 2 1
git.sr.ht/~jamesponddotco/xstd-go/xnet/xhttp/fetch.go:155.2,157.28 2 1
git.sr.ht/~jamesponddotco/xstd-go/xnet/xhttp/fetch.go:157.28,159.3 1 1
git.sr.ht/~jamesponddotco/xstd-go/xnet/xhttp/fetch.go:159.8,161.3 1 1
git.sr.ht/~jamesponddotco/xstd-go/xnet/xhttp/fetch.go:163.2,164.16 2 1
git.sr.ht/~jamesponddotco/xstd-go/xnet/xhttp/fetch.go:164.16,166.3 1 0
git.sr.ht/~jamesponddotco/xstd-go/xnet/xhttp/fetch.go:168.2,176.28 2 1
git.sr.ht/~jamesponddotco/xstd-go/xnet/xhttp/fetch.go:181.78,182.45 1 1
git.sr.ht/~jamesponddotco/xstd-go/xnet/xhttp/fetch.go:182.45,184.3 1 1
git.sr.ht/~jamesponddotco/xstd-go/xnet/xhttp/fetch.go:186.2,187.16 2 1
git.sr.ht/~jamesponddotco/xstd-go/xnet/xhttp/fetch.go:187.16,198.3 2 1
git.sr.ht/~jamesponddotco/xstd-go/xnet/xhttp/fetch.go:200.2,200.42 1 1
git.sr.ht/~jamesponddotco/xstd-go/xnet/xhttp/fetch.go:200.42,201.34 1 1
git.sr.ht/~jamesponddotco/xstd-go/xnet/xhttp/fetch.go:201.34,203.4 1 1
git.sr.ht/~jamesponddotco/xstd-go/xnet/xhttp/fetch.go:206.2,206.14 1 1
git.sr.ht/~jamesponddotco/xstd-go/xnet/xhttp/ip.go:30.50,31.16 1 1
git.sr.ht/~jamesponddotco/xstd-go/xnet/xhttp/ip.go:31.16,33.3 1 1
git.sr.ht/~jamesponddotco/xstd-go/xnet/xhttp/ip.go:35.2,37.19 2 1
git.sr.ht/~jamesponddotco/xstd-go/xnet/xhttp/ip.go:37.19,41.17 2 1
git.sr.ht/~jamesponddotco/xstd-go/xnet/xhttp/ip.go:41.17,43.4 1 1
git.sr.ht/~jamesponddotco/xstd-go/xnet/xhttp/ip.go:45.3,45.17 1 1
git.sr.ht/~jamesponddotco/xstd-go/xnet/xhttp/ip.go:48.2,54.28 2 1
git.sr.ht/~jamesponddotco/xstd-go/xnet/xhttp/ip.go:54.28,56.3 1 1
git.sr.ht/~jamesponddotco/xstd-go/xnet/xhttp/ip.go:58.2,58.16 1 1
git.sr.ht/~jamesponddotco/xstd-go/xnet/xhttp/response.go:22.51,23.17 1 1
git.sr.ht/~jamesponddotco/xstd-go/xnet/xhttp/response.go:23.17,25.3 1 1
git.sr.ht/~jamesponddotco/xstd-go/xnet/xhttp/response.go:27.2,28.16 2 1
git.sr.ht/~jamesponddotco/xstd-go/xnet/xhttp/response.go:28.16,30.3 1 1
git.sr.ht/~jamesponddotco/xstd-go/xnet/xhttp/response.go:32.2,32.41 1 1
git.sr.ht/~jamesponddotco/xstd-go/xnet/xhttp/response.go:32.41,34.3 1 1
git.sr.ht/~jamesponddotco/xstd-go/xnet/xhttp/response.go:36.2,36.12 1 1
git.sr.ht/~jamesponddotco/xstd-go/xnet/xhttp/retry.go:54.36,61.2 1 1
git.sr.ht/~jamesponddotco/xstd-go/xnet/xhttp/retry.go:70.68,73.47 2 1
git.sr.ht/~jamesponddotco/xstd-go/xnet/xhttp/retry.go:73.47,75.3 1 1
git.sr.ht/~jamesponddotco/xstd-go/xnet/xhttp/retry.go:77.2,81.9 3 1
git.sr.ht/~jamesponddotco/xstd-go/xnet/xhttp/retry.go:82.20,83.37 1 1
git.sr.ht/~jamesponddotco/xstd-go/xnet/xhttp/retry.go:84.40,85.13 1 1
git.sr.ht/~jamesponddotco/xstd-go/xnet/xhttp/retry.go:94.62,95.16 1 1
git.sr.ht/~jamesponddotco/xstd-go/xnet/xhttp/retry.go:95.16,97.3 1 1
git.sr.ht/~jamesponddotco/xstd-go/xnet/xhttp/retry.go:99.2,99.25 1 1
git.sr.ht/~jamesponddotco/xstd-go/xnet/xhttp/retry.go:104.29,105.14 1 1
git.sr.ht/~jamesponddotco/xstd-go/xnet/xhttp/retry.go:108.2,108.14 1 1
git.sr.ht/~jamesponddotco/xstd-go/xnet/xhttp/roundtripper.go:37.88,38.19 1 1
git.sr.ht/~jamesponddotco/xstd-go/xnet/xhttp/roundtripper.go:38.19,40.3 1 1
git.sr.ht/~jamesponddotco/xstd-go/xnet/xhttp/roundtripper.go:42.2,46.3 1 1
git.sr.ht/~jamesponddotco/xstd-go/xnet/xhttp/roundtripper.go:50.83,53.21 2 1
git.sr.ht/~jamesponddotco/xstd-go/xnet/xhttp/roundtripper.go:53.21,57.17 3 1
git.sr.ht/~jamesponddotco/xstd-go/xnet/xhttp/roundtripper.go:57.17,67.4 2 0
git.sr.ht/~jamesponddotco/xstd-go/xnet/xhttp/roundtripper.go:70.2,72.15 2 1
git.sr.ht/~jamesponddotco/xstd-go/xnet/xhttp/roundtripper.go:72.15,73.26 1 1
git.sr.ht/~jamesponddotco/xstd-go/xnet/xhttp/roundtripper.go:73.26,75.4 1 1
git.sr.ht/~jamesponddotco/xstd-go/xnet/xhttp/roundtripper.go:78.2,78.63 1 1
git.sr.ht/~jamesponddotco/xstd-go/xnet/xhttp/roundtripper.go:78.63,87.24 2 1
git.sr.ht/~jamesponddotco/xstd-go/xnet/xhttp/roundtripper.go:87.24,89.18 2 1
git.sr.ht/~jamesponddotco/xstd-go/xnet/xhttp/roundtripper.go:89.18,99.5 2 0
git.sr.ht/~jamesponddotco/xstd-go/xnet/xhttp/roundtripper.go:101.4,101.39 1 1
git.sr.ht/~jamesponddotco/xstd-go/xnet/xhttp/roundtripper.go:104.3,107.54 2 1
git.sr.ht/~jamesponddotco/xstd-go/xnet/xhttp/roundtripper.go:107.54,117.4 2 1
git.sr.ht/~jamesponddotco/xstd-go/xnet/xhttp/roundtripper.go:119.3,119.18 1 1
git.sr.ht/~jamesponddotco/xstd-go/xnet/xhttp/roundtripper.go:119.18,121.4 1 1
git.sr.ht/~jamesponddotco/xstd-go/xnet/xhttp/roundtripper.go:124.3,124.53 1 1
git.sr.ht/~jamesponddotco/xstd-go/xnet/xhttp/roundtripper.go:124.53,125.19 1 1
git.sr.ht/~jamesponddotco/xstd-go/xnet/xhttp/roundtripper.go:125.19,126.61 1 1
git.sr.ht/~jamesponddotco/xstd-go/xnet/xhttp/roundtripper.go:126.61,136.6 2 0
git.sr.ht/~jamesponddotco/xstd-go/xnet/xhttp/roundtripper.go:139.4,139.73 1 1
git.sr.ht/~jamesponddotco/xstd-go/xnet/xhttp/roundtripper.go:139.73,149.5 2 1
git.sr.ht/~jamesponddotco/xstd-go/xnet/xhttp/roundtripper.go:151.4,153.12 2 1
git.sr.ht/~jamesponddotco/xstd-go/xnet/xhttp/roundtripper.go:157.3,157.37 1 0
git.sr.ht/~jamesponddotco/xstd-go/xnet/xhttp/roundtripper.go:160.2,160.53 1 1
git.sr.ht/~jamesponddotco/xstd-go/xnet/xhttp/transport.go:34.37,47.2 1 1
